2026-09-22T14:53:56.307+05:30  INFO 16216 --- [cardwise] [main] c.example.cardwise.CardwiseApplication   : Starting CardwiseApplication using Java 17.0.18 with PID 16216 (C:\Projects\cardwise\cardwise-backend\target\classes started by 2000209443 in C:\Projects\cardwise\cardwise-backend)
2026-09-22T14:53:56.310+05:30  INFO 16216 --- [cardwise] [main] c.example.cardwise.CardwiseApplication   : No active profile set, falling back to 1 default profile: "default"
2026-09-22T14:53:56.921+05:30  INFO 16216 --- [cardwise] [main] .s.d.r.c.RepositoryConfigurationDelegate : Bootstrapping Spring Data JPA repositories in DEFAULT mode.
2026-09-22T14:53:56.940+05:30  INFO 16216 --- [cardwise] [main] .s.d.r.c.RepositoryConfigurationDelegate : Finished Spring Data repository scanning in 9 ms. Found 0 JPA repository interfaces.
2026-09-22T14:53:57.351+05:30  INFO 16216 --- [cardwise] [main] o.s.boot.tomcat.TomcatWebServer          : Tomcat initialized with port 8081 (http)
2026-09-22T14:53:57.366+05:30  INFO 16216 --- [cardwise] [main] o.apache.catalina.core.StandardService   : Starting service [Tomcat]
2026-09-22T14:53:57.366+05:30  INFO 16216 --- [cardwise] [main] o.apache.catalina.core.StandardEngine    : Starting Servlet engine: [Apache Tomcat/11.0.24]
2026-09-22T14:53:57.418+05:30  INFO 16216 --- [cardwise] [main] b.w.c.s.WebApplicationContextInitializer : Root WebApplicationContext: initialization completed in 1062 ms
2026-09-22T14:53:57.585+05:30  INFO 16216 --- [cardwise] [main] org.hibernate.orm.jpa                    : HHH008540: Processing PersistenceUnitInfo [name: default]
2026-09-22T14:53:57.655+05:30  INFO 16216 --- [cardwise] [main] org.hibernate.orm.core                   : HHH000001: Hibernate ORM core version 7.4.5.Final
2026-09-22T14:53:58.093+05:30  INFO 16216 --- [cardwise] [main] o.s.o.j.p.SpringPersistenceUnitInfo      : No LoadTimeWeaver setup: ignoring JPA class transformer
2026-09-22T14:53:58.127+05:30  INFO 16216 --- [cardwise] [main] com.zaxxer.hikari.HikariDataSource       : HikariPool-1 - Starting...
2026-09-22T14:53:58.354+05:30  INFO 16216 --- [cardwise] [main] com.zaxxer.hikari.pool.HikariPool        : HikariPool-1 - Added connection org.postgresql.jdbc.PgConnection@47ef5a33
2026-09-22T14:53:58.356+05:30  INFO 16216 --- [cardwise] [main] com.zaxxer.hikari.HikariDataSource       : HikariPool-1 - Start completed.
2026-09-22T14:53:58.388+05:30  WARN 16216 --- [cardwise] [main] org.hibernate.orm.deprecation            : HHH90000025: PostgreSQLDialect does not need to be specified explicitly using 'hibernate.dialect' (remove the property setting and it will be selected by default)
2026-09-22T14:53:58.409+05:30  INFO 16216 --- [cardwise] [main] org.hibernate.orm.connections.pooling    : HHH10001005: Database info:
	Database JDBC URL [jdbc:postgresql://localhost:5432/cardwise]
	Database driver: PostgreSQL JDBC Driver
	Database dialect: PostgreSQLDialect
	Database version: 16.2
	Default catalog/schema: cardwise/public
	Autocommit mode: undefined/unknown
	Isolation level: READ_COMMITTED [default READ_COMMITTED]
	JDBC fetch size: none
	Pool: DataSourceConnectionProvider
	Minimum pool size: undefined/unknown
	Maximum pool size: undefined/unknown
2026-09-22T14:53:58.871+05:30  INFO 16216 --- [cardwise] [main] org.hibernate.orm.core                   : HHH000489: No JTA platform available (set 'hibernate.transaction.jta.platform' to enable JTA platform integration)
2026-09-22T14:53:58.903+05:30  INFO 16216 --- [cardwise] [main] j.LocalContainerEntityManagerFactoryBean : Initialized JPA EntityManagerFactory for persistence unit 'default'
2026-09-22T14:53:58.947+05:30  WARN 16216 --- [cardwise] [main] JpaBaseConfiguration$JpaWebConfiguration : spring.jpa.open-in-view is enabled by default. Therefore, database queries may be performed during view rendering. Explicitly configure spring.jpa.open-in-view to disable this warning
2026-09-22T14:53:59.339+05:30  INFO 16216 --- [cardwise] [main] o.s.boot.tomcat.TomcatWebServer          : Tomcat started on port 8081 (http) with context path '/'
2026-09-22T14:53:59.344+05:30  INFO 16216 --- [cardwise] [main] c.example.cardwise.CardwiseApplication   : Started CardwiseApplication in 3.56 seconds (process running for 5.217)
